// Jest Snapshot v1, https://goo.gl/fbAQLP

exports[`tollFreeDays labels specified holidays as tollfree 1`] = `
Array [
  Object {
    "date": 2013-01-01T00:00:00.000Z,
    "isTollFree": true,
  },
  Object {
    "date": 2013-03-28T00:00:00.000Z,
    "isTollFree": true,
  },
  Object {
    "date": 2013-03-29T00:00:00.000Z,
    "isTollFree": true,
  },
  Object {
    "date": 2013-04-01T00:00:00.000Z,
    "isTollFree": true,
  },
  Object {
    "date": 2013-04-30T00:00:00.000Z,
    "isTollFree": true,
  },
  Object {
    "date": 2013-05-01T00:00:00.000Z,
    "isTollFree": true,
  },
  Object {
    "date": 2013-05-08T00:00:00.000Z,
    "isTollFree": true,
  },
  Object {
    "date": 2013-05-09T00:00:00.000Z,
    "isTollFree": true,
  },
  Object {
    "date": 2013-06-05T00:00:00.000Z,
    "isTollFree": true,
  },
  Object {
    "date": 2013-06-06T00:00:00.000Z,
    "isTollFree": true,
  },
  Object {
    "date": 2013-06-21T00:00:00.000Z,
    "isTollFree": true,
  },
  Object {
    "date": 2013-07-15T00:00:00.000Z,
    "isTollFree": true,
  },
  Object {
    "date": 2013-11-01T00:00:00.000Z,
    "isTollFree": true,
  },
  Object {
    "date": 2013-12-24T00:00:00.000Z,
    "isTollFree": true,
  },
  Object {
    "date": 2013-12-25T00:00:00.000Z,
    "isTollFree": true,
  },
  Object {
    "date": 2013-12-26T00:00:00.000Z,
    "isTollFree": true,
  },
  Object {
    "date": 2013-12-31T00:00:00.000Z,
    "isTollFree": true,
  },
  Object {
    "date": 2013-09-12T00:00:00.000Z,
    "isTollFree": false,
  },
  Object {
    "date": 2013-10-17T00:00:00.000Z,
    "isTollFree": false,
  },
]
`;

exports[`tollFreeDays labels weekends as tollfree 1`] = `
Array [
  Object {
    "date": 2013-09-14T00:00:00.000Z,
    "isTollFree": true,
  },
  Object {
    "date": 2013-09-15T00:00:00.000Z,
    "isTollFree": true,
  },
  Object {
    "date": 2013-09-21T00:00:00.000Z,
    "isTollFree": true,
  },
  Object {
    "date": 2013-09-22T00:00:00.000Z,
    "isTollFree": true,
  },
]
`;
